Service donateurs de Médecin Sans Frontières, 

Suite à une visite sur l'espace donateurs, une demande d'identifiant et de mot de passe a été faite.
Les coordonnées que le demandeur nous a communiquées sont les suivantes: 

Demandeur : Monsieur
Bâtiment, appartement, escalier, étage : 3ème étage
Voie (avenue, rue, allée etc...) : rue de la liberté
Ville : Orléans
Code Pays : France

Tél. mobile : 06 12 78 34 43

Message : Pour la Somalie

Cordialement,
Service Webmaster.